---
source: src/rules/structure/number_run.rs
assertion_line: 443
expression: diags
---
- rule_id: structure.number-run
  severity: warning
  location:
    file: "<input>"
    line: 3
    column: 22
    length: 52
  section: ~
  message: Sentence packs 5 numeric tokens (maximum 4). plain-language guidance recommends not placing many numbers or statistics together in one sentence; split the sentence or move some figures to a list or table.
  weight: 1
