---
source: src/rules/structure/deeply_nested_lists.rs
expression: diags
---
- rule_id: structure.deeply-nested-lists
  severity: warning
  location:
    file: "<input>"
    line: 4
    column: 1
    length: 1
  section: ~
  message: "List item at depth 4 exceeds maximum depth of 3. Consider flattening the structure, splitting into multiple lists, or using subsections with headings."
  weight: 1
- rule_id: structure.deeply-nested-lists
  severity: warning
  location:
    file: "<input>"
    line: 5
    column: 1
    length: 1
  section: ~
  message: "List item at depth 5 exceeds maximum depth of 3. Consider flattening the structure, splitting into multiple lists, or using subsections with headings."
  weight: 1
