---
source: src/parser/markdown.rs
expression: trees
---
[
    [],
    [
        Text(
            "After ",
        ),
        Emphasis(
            EmphasisSpan {
                children: [
                    Text(
                        "real italics",
                    ),
                ],
                start_line: 7,
                start_column: 7,
            },
        ),
        Text(
            " end.",
        ),
    ],
]
