---
source: src/rules/mixed_numeric_format.rs
expression: diags
---
- rule_id: mixed-numeric-format
  severity: warning
  location:
    file: "<input>"
    line: 1
    column: 1
    length: 44
  section: ~
  message: "Sentence mixes a digit numeral (`5`) with a spelled-out numeral (`twelve`). Plain-language and CDC Clear Communication Index guidance recommends using one form consistently within a sentence."
  weight: 1
