---
source: src/rules/repetitive_connectors.rs
expression: diags
---
- rule_id: repetitive-connectors
  severity: warning
  location:
    file: "<input>"
    line: 1
    column: 1
    length: 24
  section: ~
  message: "Connector \"then\" appears 4 times within 5 consecutive sentences (max 3). Vary the connector or restructure the passage."
  weight: 1
