---
source: src/rules/excessive_commas.rs
assertion_line: 196
expression: diags
---
- rule_id: excessive-commas
  severity: warning
  location:
    file: "<input>"
    line: 1
    column: 1
    length: 51
  section: ~
  message: Sentence has 4 commas (maximum 3). Consider splitting it into shorter sentences or extracting an enumeration as a list.
