---
source: src/rules/consecutive_long_sentences.rs
assertion_line: 252
expression: diags
---
- rule_id: consecutive-long-sentences
  severity: warning
  location:
    file: "<input>"
    line: 1
    column: 1
    length: 116
  section: ~
  message: "3 consecutive sentences each exceed 15 words (max run allowed: 2). Break the rhythm with a shorter sentence."
