---
source: src/rules/heading_jump.rs
assertion_line: 234
expression: diags
---
- rule_id: heading-jump
  severity: warning
  location:
    file: "<input>"
    line: 5
    column: 1
    length: 7
  section: Skipped
  message: Heading jumps from H2 to H4. Use H3 instead so the hierarchy grows by one level at a time.
