---
source: src/rules/unexplained_abbreviation.rs
expression: diags
---
- rule_id: unexplained-abbreviation
  severity: warning
  location:
    file: "<input>"
    line: 1
    column: 7
    length: 3
  section: ~
  message: "Acronym \"ZQX\" is not defined and not whitelisted. Define it on first use — e.g. \"Full Expansion (ZQX)\" or \"ZQX (Full Expansion)\" — or add it to `[rules.unexplained-abbreviation].whitelist` in `lucid-lint.toml` for project-wide terms."
  weight: 1
- rule_id: unexplained-abbreviation
  severity: warning
  location:
    file: "<input>"
    line: 1
    column: 23
    length: 4
  section: ~
  message: "Acronym \"HTTP\" is not defined and not whitelisted. Define it on first use — e.g. \"Full Expansion (HTTP)\" or \"HTTP (Full Expansion)\" — or add it to `[rules.unexplained-abbreviation].whitelist` in `lucid-lint.toml` for project-wide terms."
  weight: 1
- rule_id: unexplained-abbreviation
  severity: warning
  location:
    file: "<input>"
    line: 1
    column: 32
    length: 3
  section: ~
  message: "Acronym \"API\" is not defined and not whitelisted. Define it on first use — e.g. \"Full Expansion (API)\" or \"API (Full Expansion)\" — or add it to `[rules.unexplained-abbreviation].whitelist` in `lucid-lint.toml` for project-wide terms."
  weight: 1
