---
source: src/rules/all_caps_shouting.rs
expression: diags
---
- rule_id: all-caps-shouting
  severity: warning
  location:
    file: "<input>"
    line: 1
    column: 25
    length: 6
  section: ~
  message: "2 consecutive ALL-CAPS words read as shouting and degrade legibility for dyslexic readers. Use sentence case and rely on emphasis (italics, bold) or a callout instead."
  weight: 1
