---
source: src/rules/unclear_antecedent.rs
expression: diags
---
- rule_id: unclear-antecedent
  severity: info
  location:
    file: "<input>"
    line: 1
    column: 1
    length: 59
  section: ~
  message: "Paragraph opens with the pronoun \"it\". Readers have no antecedent in this paragraph — name the referent instead."
  weight: 2
- rule_id: unclear-antecedent
  severity: info
  location:
    file: "<input>"
    line: 1
    column: 1
    length: 26
  section: ~
  message: "Sentence starts with a bare demonstrative \"this\". Name the referent (e.g. \"this change\", \"cette décision\") to avoid forcing the reader to guess."
  weight: 2
