---
source: src/rules/unexplained_abbreviation.rs
assertion_line: 365
expression: diags
---
- rule_id: unexplained-abbreviation
  severity: warning
  location:
    file: "<input>"
    line: 1
    column: 7
    length: 3
  section: ~
  message: "Acronym \"ZQX\" is not whitelisted. Define it on first use, e.g. \"ZQX (Full Expansion)\"."
- rule_id: unexplained-abbreviation
  severity: warning
  location:
    file: "<input>"
    line: 1
    column: 23
    length: 4
  section: ~
  message: "Acronym \"HTTP\" is not whitelisted. Define it on first use, e.g. \"HTTP (Full Expansion)\"."
- rule_id: unexplained-abbreviation
  severity: warning
  location:
    file: "<input>"
    line: 1
    column: 32
    length: 3
  section: ~
  message: "Acronym \"API\" is not whitelisted. Define it on first use, e.g. \"API (Full Expansion)\"."
