---
source: src/rules/excessive_nominalization.rs
expression: diags
---
- rule_id: excessive-nominalization
  severity: warning
  location:
    file: "<input>"
    line: 1
    column: 1
    length: 107
  section: ~
  message: Sentence has 5 nominalizations (max 3). Consider rewriting with action verbs and explicit agents.
  weight: 1
