---
source: src/rules/lexicon/low_lexical_diversity.rs
expression: diags
---
- rule_id: lexicon.low-lexical-diversity
  severity: info
  location:
    file: "<input>"
    line: 1
    column: 1
    length: 1
  section: ~
  message: Lexical diversity drops to 0.01 in a window of 100 content words (target ≥ 0.50). Vary the vocabulary or restructure the passage.
  weight: 1
