---
source: src/rules/lexicon/unexplained_abbreviation.rs
expression: diags
---
- rule_id: lexicon.unexplained-abbreviation
  severity: warning
  location:
    file: "<input>"
    line: 1
    column: 7
    length: 3
  section: ~
  message: "Acronym \"ZQX\" is not defined on first use."
  weight: 1
- rule_id: lexicon.unexplained-abbreviation
  severity: warning
  location:
    file: "<input>"
    line: 1
    column: 23
    length: 4
  section: ~
  message: "Acronym \"HTTP\" is not defined on first use."
  weight: 1
- rule_id: lexicon.unexplained-abbreviation
  severity: warning
  location:
    file: "<input>"
    line: 1
    column: 32
    length: 3
  section: ~
  message: "Acronym \"API\" is not defined on first use."
  weight: 1
